src/components/ToolsDirectory.tsx(173,47): error TS2345: Argument of type 'string' is not assignable to parameter of type 'AITool'.
